// Jest Snapshot v1, https://goo.gl/fbAQLP

exports[`matches the snapshot 1`] = `
<DocumentFragment>
  <div
    class="Box"
    style="width: 100px; height: 100px; background-color: black;"
  />
  <button
    class="Box-button"
  >
    X
  </button>
</DocumentFragment>
`;
